../Core/Src/main.c:109:5:main	32	static
../Core/Src/main.c:233:6:SystemClock_Config	72	static
../Core/Src/main.c:269:13:Sys_Init	8	static
../Core/Src/main.c:283:6:HAL_TIM_IC_CaptureCallback	16	static
../Core/Src/main.c:288:6:HAL_TIM_PeriodElapsedCallback	16	static
../Core/Src/main.c:293:6:SysTick_CallBack	8	static
../Core/Src/main.c:307:6:move_forward	8	static
../Core/Src/main.c:313:6:move_backward	8	static
../Core/Src/main.c:319:6:move_right	8	static
../Core/Src/main.c:325:6:move_left	8	static
../Core/Src/main.c:331:6:stop	8	static
../Core/Src/main.c:336:6:Speed_Control	16	static
../Core/Src/main.c:341:6:UART_Receiving_Init	8	static
../Core/Src/main.c:347:6:ObdtacleAvoidance_Logic	24	static
../Core/Src/main.c:386:6:SafeDistance_Logic	16	static
../Core/Src/main.c:400:6:BlindSpot_Logic	16	static
../Core/Src/main.c:412:6:UART_SendString	24	static
../Core/Src/main.c:421:6:UART_SendFloat	40	static
../Core/Src/main.c:428:6:HAL_UART_RxCpltCallback	16	static
../Core/Src/main.c:474:6:Error_Handler	4	static,ignoring_inline_asm
