../Core/Src/main.c:132:5:main	32	static
../Core/Src/main.c:304:6:SystemClock_Config	72	static
../Core/Src/main.c:343:13:Sys_Init	8	static
../Core/Src/main.c:361:6:HAL_TIM_IC_CaptureCallback	16	static
../Core/Src/main.c:366:6:HAL_TIM_PeriodElapsedCallback	16	static
../Core/Src/main.c:371:6:SysTick_CallBack	8	static
../Core/Src/main.c:389:6:move_forward	16	static
../Core/Src/main.c:395:6:move_backward	16	static
../Core/Src/main.c:401:6:move_right	16	static
../Core/Src/main.c:407:6:move_left	16	static
../Core/Src/main.c:413:6:stop	8	static
../Core/Src/main.c:418:6:Speed_Control	16	static
../Core/Src/main.c:427:7:Calculate_Speed	24	static
../Core/Src/main.c:452:6:Obdtacle_Avoidance	24	static
../Core/Src/main.c:496:6:Adaptive_Cruise_Control	16	static
../Core/Src/main.c:522:6:BlindSpot_Detection	16	static
../Core/Src/main.c:543:6:Alarm_Subsystem	16	static
../Core/Src/main.c:577:6:UART_Receiving_Init	8	static
../Core/Src/main.c:585:6:UART_SendString	24	static
../Core/Src/main.c:595:6:UART_SendFloat	40	static
../Core/Src/main.c:602:6:HAL_UART_RxCpltCallback	16	static
../Core/Src/main.c:668:6:Error_Handler	4	static,ignoring_inline_asm
